#-----------------------------------------------------------
# Vivado v2024.2 (64-bit)
# SW Build 5239630 on Fri Nov 08 22:35:27 MST 2024
# IP Build 5239520 on Sun Nov 10 16:12:51 MST 2024
# SharedData Build 5239561 on Fri Nov 08 14:39:27 MST 2024
# Start of session at: Tue Jan 21 07:58:22 2025
# Process ID         : 1940
# Current directory  : C:/Users/sungm/ece281/ece281-ice2
# Command line       : vivado.exe -gui_launcher_event rodinguilauncherevent12540 C:\Users\sungm\ece281\ece281-ice2\halfAdder.xpr
# Log file           : C:/Users/sungm/ece281/ece281-ice2/vivado.log
# Journal file       : C:/Users/sungm/ece281/ece281-ice2\vivado.jou
# Running On         : Sungmin
# Platform           : Windows Server 2016 or Windows 10
# Operating System   : 22631
# Processor Detail   : Intel(R) Core(TM) Ultra 7 155H
# CPU Frequency      : 2995 MHz
# CPU Physical cores : 16
# CPU Logical cores  : 22
# Host memory        : 16507 MB
# Swap memory        : 1073 MB
# Total Virtual      : 17581 MB
# Available Virtual  : 6859 MB
#-----------------------------------------------------------
start_gui
open_project C:/Users/sungm/ece281/ece281-ice2/halfAdder.xpr
update_compile_order -fileset sources_1
update_compile_order -fileset sim_1
synth_design -top halfAdder -part xc7a35tcpg236-1 -lint 
set_property -name {xsim.simulate.runtime} -value {50 ns} -objects [get_filesets sim_1]
launch_simulation
source halfAdder_tb.tcl
save_wave_config {C:/Users/sungm/ece281/ece281-ice2/halfAdder_tb_behav.wcfg}
add_files -fileset sim_1 -norecurse C:/Users/sungm/ece281/ece281-ice2/halfAdder_tb_behav.wcfg
set_property xsim.view C:/Users/sungm/ece281/ece281-ice2/halfAdder_tb_behav.wcfg [get_filesets sim_1]
synth_design -rtl -rtl_skip_mlo -name rtl_1
launch_runs synth_1 -jobs 11
wait_on_run synth_1
open_run synth_1 -name synth_1
reset_run synth_1
launch_runs impl_1 -to_step write_bitstream -jobs 11
wait_on_run impl_1
open_hw_manager
connect_hw_server -allow_non_jtag
open_hw_target
set_property PROGRAM.FILE {C:/Users/sungm/ece281/ece281-ice2/halfAdder.runs/impl_1/halfAdder.bit} [get_hw_devices xc7a35t_0]
current_hw_device [get_hw_devices xc7a35t_0]
refresh_hw_device -update_hw_probes false [lindex [get_hw_devices xc7a35t_0] 0]
set_property PROBES.FILE {} [get_hw_devices xc7a35t_0]
set_property FULL_PROBES.FILE {} [get_hw_devices xc7a35t_0]
set_property PROGRAM.FILE {C:/Users/sungm/ece281/ece281-ice2/halfAdder.runs/impl_1/halfAdder.bit} [get_hw_devices xc7a35t_0]
program_hw_devices [get_hw_devices xc7a35t_0]
refresh_hw_device [lindex [get_hw_devices xc7a35t_0] 0]
close_sim
